>>> add_integer = __import__('0-add_integer').add_integer

# Regular additions
>>> add_integer(1, 2)
3

>>> add_integer(100, -2)
98

# Using the default value for b
>>> add_integer(2)
100

# Float is cast to int before addition
>>> add_integer(100.3, -2)
98

# Type error: b is not int or float
>>> add_integer(4, "School")
Traceback (most recent call last):
TypeError: b must be an integer

# Type error: a is not int or float
>>> add_integer(None)
Traceback (most recent call last):
TypeError: a must be an integer

# --- Float overflow / NaN examples using int() directly ---

>>> int(float('inf'))
Traceback (most recent call last):
OverflowError: cannot convert float infinity to integer

>>> int(float('-inf'))
Traceback (most recent call last):
OverflowError: cannot convert float infinity to integer

>>> int(float('nan'))
Traceback (most recent call last):
ValueError: cannot convert float NaN to integer

# --- Missing arguments ---

# Missing one required argument (a)
>>> add_integer()
Traceback (most recent call last):
TypeError: add_integer() missing 1 required positional argument: 'a'

# Example with 2 missing arguments (using a simple function)
>>> def f(a, b):
...     return a + b
>>> f()
Traceback (most recent call last):
TypeError: f() missing 2 required positional arguments: 'a' and 'b'
